// Jest Snapshot v1, https://goo.gl/fbAQLP

exports[`<Emoji /> render 1`] = `
<EmojiWrapper>
  ðŸ¦„
</EmojiWrapper>
`;
